// Jest Snapshot v1, https://goo.gl/fbAQLP

exports[`Correlation tests conn for www.mybusinessdoc.com is found via correlation 1`] = `
Array [
  "ts",
  "_path",
  "uid",
  "id.orig_h",
  "id.orig_p",
  "id.resp_h",
  "id.resp_p",
  "trans_depth",
  "method",
  "host",
  "uri",
  "referrer",
  "version",
  "user_agent",
  "request_body_len",
  "response_body_len",
  "status_code",
  "status_msg",
  "info_code",
  "info_msg",
  "tags",
  "username",
  "password",
  "proxied",
  "orig_fuids",
  "orig_filenames",
  "orig_mime_types",
  "resp_fuids",
  "resp_filenames",
  "resp_mime_types",
  "04/07/15",
  "13:34",
  "48.1830",
  "http",
  "C9FG8S2NvxVUR0b0La",
  "192.168.0.53",
  "2210",
  "68.164.182.11",
  "80",
  "3",
  "GET",
  "www.mybusinessdoc.com",
  "/document.php?rnd=9813&id=5555525E01160D0F4A0C0E010809120D0F240309050D084A070B09",
  "-",
  "1.1",
  "Mozilla/4.0 (compatible; MSIE 7.0; Windows NT 5.1; Trident/4.0)",
  "0",
  "1,536",
  "200",
  "OK",
  "-",
  "-",
  "(empty)",
  "-",
  "-",
  "-",
  "-",
  "-",
  "-",
  "F2rjhJZAjwGdIvTM8",
  "f7.gif",
  "application/x-dosexec",
  "04/07/15",
  "13:34",
  "46.7830",
  "http",
  "C9FG8S2NvxVUR0b0La",
  "192.168.0.53",
  "2210",
  "68.164.182.11",
  "80",
  "2",
  "GET",
  "www.mybusinessdoc.com",
  "/document.php?rnd=5292&id=5555525E01160D0F4A0C0E010809120D0F240309050D084A070B09",
  "-",
  "1.1",
  "Mozilla/4.0 (compatible; MSIE 7.0; Windows NT 5.1; Trident/4.0)",
  "0",
  "192,512",
  "200",
  "OK",
  "-",
  "-",
  "(empty)",
  "-",
  "-",
  "-",
  "-",
  "-",
  "-",
  "FuFeW33aTSTxXihCql",
  "551d88323f7e.gif",
  "application/x-dosexec",
  "04/07/15",
  "13:34",
  "44.2440",
  "http",
  "C9FG8S2NvxVUR0b0La",
  "192.168.0.53",
  "2210",
  "68.164.182.11",
  "80",
  "1",
  "GET",
  "www.mybusinessdoc.com",
  "/document.php?rnd=3271&id=5555525E01160D0F4A0C0E010809120D0F240309050D084A070B09",
  "-",
  "1.1",
  "Mozilla/4.0 (compatible; MSIE 7.0; Windows NT 5.1; Trident/4.0)",
  "0",
  "318,883",
  "200",
  "OK",
  "-",
  "-",
  "(empty)",
  "-",
  "-",
  "-",
  "-",
  "-",
  "-",
  "FGx5ts2iCMfZSUgO8c",
  "c87ed3c.gif",
  "application/x-dosexec",
]
`;

exports[`Correlation tests conn for www.mybusinessdoc.com is found via correlation 2`] = `
Array [
  Array [
    "13:34:43.772",
    "13:34:44.244",
    "13:34:44.563",
    "13:34:46.783",
    "13:34:47.442",
    "13:34:48.183",
    "13:34:48.373",
  ],
  Array [
    "conn",
    "http",
    "files",
    "http",
    "files",
    "http",
    "files",
  ],
  Array [
    "Duration: 4.601s",
  ],
]
`;
